FSM 1 : VALID TRANSITION GRAPH

00 : STATE IS REACHABLE FROM OUTSIDE.

   OUTGOING TRANSITIONS:
      00
      01

   INCOMING TRANSITIONS:
      00
      01
      10
      11


01 : FSM STATE NOT REACHABLE FROM OUTSIDE.

   OUTGOING TRANSITIONS:
      00
      10

   INCOMING TRANSITIONS:
      00
      10


10 : FSM STATE NOT REACHABLE FROM OUTSIDE.

   OUTGOING TRANSITIONS:
      01
      11
      00

   INCOMING TRANSITIONS:
      01


11 : FSM STATE NOT REACHABLE FROM OUTSIDE.

   OUTGOING TRANSITIONS:
      00

   INCOMING TRANSITIONS:
      10


FSM 1 : VALID TRANSITION GRAPH

00 : STATE IS REACHABLE FROM OUTSIDE.

   OUTGOING TRANSITIONS:
      00
      01

   INCOMING TRANSITIONS:
      00
      01
      10
      11


01 : FSM STATE NOT REACHABLE FROM OUTSIDE.

   OUTGOING TRANSITIONS:
      00
      10

   INCOMING TRANSITIONS:
      00
      10


10 : FSM STATE NOT REACHABLE FROM OUTSIDE.

   OUTGOING TRANSITIONS:
      01
      11
      00

   INCOMING TRANSITIONS:
      01


11 : FSM STATE NOT REACHABLE FROM OUTSIDE.

   OUTGOING TRANSITIONS:
      00

   INCOMING TRANSITIONS:
      10


FSM 1 : VALID TRANSITION GRAPH

00 : STATE IS REACHABLE FROM OUTSIDE.

   OUTGOING TRANSITIONS:
      00
      01

   INCOMING TRANSITIONS:
      00
      01
      10
      11


01 : FSM STATE NOT REACHABLE FROM OUTSIDE.

   OUTGOING TRANSITIONS:
      00
      10

   INCOMING TRANSITIONS:
      00
      10


10 : FSM STATE NOT REACHABLE FROM OUTSIDE.

   OUTGOING TRANSITIONS:
      01
      11
      00

   INCOMING TRANSITIONS:
      01


11 : FSM STATE NOT REACHABLE FROM OUTSIDE.

   OUTGOING TRANSITIONS:
      00

   INCOMING TRANSITIONS:
      10


