//  Precision RTL Synthesis 64-bit 2015.2.16 (PS2015.2.1 Production Release) Tue Jan  5 23:04:49 PST 2016
//  
//  Copyright (c) Mentor Graphics Corporation, 1996-2016, All Rights Reserved.
//             Portions copyright 1991-2008 Compuware Corporation
//                       UNPUBLISHED, LICENSED SOFTWARE.
//            CONFIDENTIAL AND PROPRIETARY INFORMATION WHICH IS THE
//          PROPERTY OF MENTOR GRAPHICS CORPORATION OR ITS LICENSORS
//  
//  Running on Linux jm3zhang@ecelinux3.uwaterloo.ca #1 SMP Wed May 9 18:05:47 UTC 2018 3.10.0-862.2.3.el7.x86_64 x86_64
//  
//  Start time Sun Jul 15 11:17:23 2018

***************************************************************
Device Utilization for 10M08SAE144C8GES
***************************************************************
Resource                          Used    Avail   Utilization
---------------------------------------------------------------
IOs                               34      -            -
LUTs                              689     8064      8.54%
Registers                         417     8064      5.17%
Memory Bits                       10240   387072    2.65%
DSP block 9-bit elems             0       48        0.00%
---------------------------------------------------------------

****************************************************

Library: work    Cell: dual_seg7_notri    View: main

****************************************************

  Cell                     Library  References     Total Area

 GND                       max10     1 x
 NOT                       max10     4 x
 VCC                       max10     1 x
 dffeas                    max10    21 x      1     21 Registers
 fiftyfivenm_lcell_comb    max10    21 x      1     21 LUTs

 Number of ports :                      28
 Number of nets :                       76
 Number of instances :                  48
 Number of references to this view :     1

Total accumulated area : 
 Number of LCs :                         0
 Number of LUTs :                       21
 Number of Registers :                  21
 Number of accumulated instances :      48

***************************************************

Library: work    Cell: num_seg7_notri    View: main

***************************************************

  Cell                     Library  References     Total Area

 dual_seg7_notri           work      1 x     21     21 Registers
                                             21     21 LUTs
                                              0      0 LCs
 fiftyfivenm_lcell_comb    max10    22 x      1     22 LUTs

 Number of ports :                      22
 Number of nets :                       44
 Number of instances :                  23
 Number of references to this view :     1

Total accumulated area : 
 Number of LCs :                         0
 Number of LUTs :                       43
 Number of Registers :                  21
 Number of accumulated instances :      70

**************************************************************

Library: OPERATORS    Cell: ram_dq_8_4    View: IMPLEMENTATION

**************************************************************

  Cell                     Library  References     Total Area

 VCC                       max10         1 x
 altsyncram_8_8_256_2_4    OPERATORS     1 x

 Number of ports :                      32
 Number of nets :                       27
 Number of instances :                   2
 Number of references to this view :     1

Total accumulated area : 
 Number of Memory Bits :              2048
 Number of accumulated instances :       2

***************************************************************

Library: work    Cell: mem_8_8_unfolded3    View: main_unfold_3

***************************************************************

  Cell         Library  References     Total Area

 ram_dq_8_4    OPERATORS     1 x   2048   2048 Memory Bits

 Number of ports :                      26
 Number of nets :                       26
 Number of instances :                   1
 Number of references to this view :     1

Total accumulated area : 
 Number of Memory Bits :              2048
 Number of accumulated instances :       2

**************************************************************

Library: OPERATORS    Cell: ram_dq_8_3    View: IMPLEMENTATION

**************************************************************

  Cell                     Library  References     Total Area

 VCC                       max10         1 x
 altsyncram_8_8_256_2_3    OPERATORS     1 x

 Number of ports :                      32
 Number of nets :                       27
 Number of instances :                   2
 Number of references to this view :     1

Total accumulated area : 
 Number of Memory Bits :              2048
 Number of accumulated instances :       2

***************************************************************

Library: work    Cell: mem_8_8_unfolded2    View: main_unfold_2

***************************************************************

  Cell         Library  References     Total Area

 ram_dq_8_3    OPERATORS     1 x   2048   2048 Memory Bits

 Number of ports :                      26
 Number of nets :                       26
 Number of instances :                   1
 Number of references to this view :     1

Total accumulated area : 
 Number of Memory Bits :              2048
 Number of accumulated instances :       2

**************************************************************

Library: OPERATORS    Cell: ram_dq_8_2    View: IMPLEMENTATION

**************************************************************

  Cell                     Library  References     Total Area

 VCC                       max10         1 x
 altsyncram_8_8_256_2_2    OPERATORS     1 x

 Number of ports :                      32
 Number of nets :                       27
 Number of instances :                   2
 Number of references to this view :     1

Total accumulated area : 
 Number of Memory Bits :              2048
 Number of accumulated instances :       2

***************************************************************

Library: work    Cell: mem_8_8_unfolded1    View: main_unfold_1

***************************************************************

  Cell         Library  References     Total Area

 ram_dq_8_2    OPERATORS     1 x   2048   2048 Memory Bits

 Number of ports :                      26
 Number of nets :                       26
 Number of instances :                   1
 Number of references to this view :     1

Total accumulated area : 
 Number of Memory Bits :              2048
 Number of accumulated instances :       2

*******************************************************

Library: work    Cell: kirsch    View: main_unfold_1777

*******************************************************

  Cell                     Library  References     Total Area

 GND                       max10     1 x
 NOT                       max10     1 x
 VCC                       max10     1 x
 dffeas                    max10   238 x      1    238 Registers
 fiftyfivenm_lcell_comb    max10   437 x      1    437 LUTs
 mem_8_8_unfolded1         work      1 x   2048   2048 Memory Bits
 mem_8_8_unfolded2         work      1 x   2048   2048 Memory Bits
 mem_8_8_unfolded3         work      1 x   2048   2048 Memory Bits

 Number of ports :                      34
 Number of nets :                      762
 Number of instances :                 681
 Number of references to this view :     1

Total accumulated area : 
 Number of LCs :                         0
 Number of LUTs :                      437
 Number of Memory Bits :              6144
 Number of Registers :                 238
 Number of accumulated instances :     684

*****************************************************

Library: work    Cell: uart    View: main_unfold_1641

*****************************************************

  Cell                     Library  References     Total Area

 GND                       max10     1 x
 NOT                       max10    13 x
 VCC                       max10     1 x
 dffeas                    max10    71 x      1     71 Registers
 fiftyfivenm_lcell_comb    max10    72 x      1     72 LUTs

 Number of ports :                      25
 Number of nets :                      191
 Number of instances :                 158
 Number of references to this view :     1

Total accumulated area : 
 Number of LUTs :                       72
 Number of Registers :                  71
 Number of accumulated instances :     158

**************************************************************

Library: OPERATORS    Cell: ram_dq_8_1    View: IMPLEMENTATION

**************************************************************

  Cell                     Library  References     Total Area

 VCC                       max10         1 x
 altsyncram_8_8_256_2_1    OPERATORS     1 x

 Number of ports :                      32
 Number of nets :                       27
 Number of instances :                   2
 Number of references to this view :     1

Total accumulated area : 
 Number of Memory Bits :              2048
 Number of accumulated instances :       2

***************************************************************

Library: work    Cell: mem_8_8_unfolded0    View: main_unfold_4

***************************************************************

  Cell         Library  References     Total Area

 ram_dq_8_1    OPERATORS     1 x   2048   2048 Memory Bits

 Number of ports :                      26
 Number of nets :                       26
 Number of instances :                   1
 Number of references to this view :     1

Total accumulated area : 
 Number of Memory Bits :              2048
 Number of accumulated instances :       2

*************************************************************************

Library: work    Cell: syn_fifo_8_8_unfolded0    View: main_unfold_1927_0

*************************************************************************

  Cell                     Library  References     Total Area

 GND                       max10     1 x
 NOT                       max10     1 x
 VCC                       max10     1 x
 dffeas                    max10    34 x      1     34 Registers
 fiftyfivenm_lcell_comb    max10    52 x      1     52 LUTs
 mem_8_8_unfolded0         work      1 x   2048   2048 Memory Bits

 Number of ports :                      22
 Number of nets :                      130
 Number of instances :                  90
 Number of references to this view :     1

Total accumulated area : 
 Number of LCs :                         0
 Number of LUTs :                       52
 Number of Memory Bits :              2048
 Number of Registers :                  34
 Number of accumulated instances :      91

**************************************************************

Library: OPERATORS    Cell: ram_dq_8_0    View: IMPLEMENTATION

**************************************************************

  Cell                     Library  References     Total Area

 VCC                       max10         1 x
 altsyncram_8_8_256_2_0    OPERATORS     1 x

 Number of ports :                      32
 Number of nets :                       27
 Number of instances :                   2
 Number of references to this view :     1

Total accumulated area : 
 Number of Memory Bits :              2048
 Number of accumulated instances :       2

********************************************

Library: work    Cell: mem_8_8    View: main

********************************************

  Cell         Library  References     Total Area

 ram_dq_8_0    OPERATORS     1 x   2048   2048 Memory Bits

 Number of ports :                      26
 Number of nets :                       26
 Number of instances :                   1
 Number of references to this view :     1

Total accumulated area : 
 Number of Memory Bits :              2048
 Number of accumulated instances :       2

**********************************************************

Library: work    Cell: syn_fifo_8_8    View: main_unfold_1

**********************************************************

  Cell                     Library  References     Total Area

 GND                       max10     1 x
 NOT                       max10     1 x
 VCC                       max10     1 x
 dffeas                    max10    34 x      1     34 Registers
 fiftyfivenm_lcell_comb    max10    52 x      1     52 LUTs
 mem_8_8                   work      1 x   2048   2048 Memory Bits

 Number of ports :                      22
 Number of nets :                      130
 Number of instances :                  90
 Number of references to this view :     1

Total accumulated area : 
 Number of LCs :                         0
 Number of LUTs :                       52
 Number of Memory Bits :              2048
 Number of Registers :                  34
 Number of accumulated instances :      91

***********************************************

Library: work    Cell: kirsch_top    View: main

***********************************************

  Cell                     Library  References     Total Area

 GND                       max10     1 x
 NOT                       max10     1 x
 TRI                       max10    11 x      1     11 TRIs
 VCC                       max10     1 x
 dffeas                    max10    19 x      1     19 Registers
 fiftyfivenm_lcell_comb    max10    33 x      1     33 LUTs
 kirsch                    work      1 x    238    238 Registers
                                            437    437 LUTs
                                              0      0 LCs
                                           6144   6144 Memory Bits
 num_seg7_notri            work      1 x      0      0 LCs
                                             43     43 LUTs
                                             21     21 Registers
 syn_fifo_8_8              work      1 x     34     34 Registers
                                             52     52 LUTs
                                              0      0 LCs
                                           2048   2048 Memory Bits
 syn_fifo_8_8_unfolded0    work      1 x     34     34 Registers
                                             52     52 LUTs
                                              0      0 LCs
                                           2048   2048 Memory Bits
 uart                      work      1 x     71     71 Registers
                                             72     72 LUTs

 Number of ports :                      34
 Number of nets :                      135
 Number of instances :                  71
 Number of references to this view :     0

Total accumulated area : 
 Number of LCs :                         0
 Number of LUTs :                      689
 Number of Memory Bits :             10240
 Number of Registers :                 417
 Number of TRIs :                       11
 Number of accumulated instances :    1160
